hp@DESKTOP-DJ8666P MINGW64 ~/Desktop/project (master)
$ pwd
/c/Users/hp/Desktop/project

hp@DESKTOP-DJ8666P MINGW64 ~/Desktop/project (master)
$ git status
On branch master

No commits yet

Changes to be committed:
  (use "git rm --cached <file>..." to unstage)

        new file:   test.txt


hp@DESKTOP-DJ8666P MINGW64 ~/Desktop/project (master)
$ git add text.html
fatal: pathspec 'text.html' did not match any files

hp@DESKTOP-DJ8666P MINGW64 ~/Desktop/project (master)
$ git add text.txt
fatal: pathspec 'text.txt' did not match any files

hp@DESKTOP-DJ8666P MINGW64 ~/Desktop/project (master)
$ git add test.txt

hp@DESKTOP-DJ8666P MINGW64 ~/Desktop/project (master)
$ git status
On branch master

No commits yet

Changes to be committed:
  (use "git rm --cached <file>..." to unstage)

        new file:   test.txt


hp@DESKTOP-DJ8666P MINGW64 ~/Desktop/project (master)
$ git commit --m "this is test line"
[master (root-commit) 6c7d0f2] this is test line
 1 file changed, 1 insertion(+)
 create mode 100644 test.txt

hp@DESKTOP-DJ8666P MINGW64 ~/Desktop/project (master)
$ git remote add origin https://github.com/shoyebmahmood/test.git

hp@DESKTOP-DJ8666P MINGW64 ~/Desktop/project (master)
$ git origin push master
git: 'origin' is not a git command. See 'git --help'.

hp@DESKTOP-DJ8666P MINGW64 ~/Desktop/project (master)
$ git push origin master
Enumerating objects: 3, done.
Counting objects: 100% (3/3), done.
Writing objects: 100% (3/3), 232 bytes | 46.00 KiB/s, done.
Total 3 (delta 0), reused 0 (delta 0)
To https://github.com/shoyebmahmood/test.git
 * [new branch]      master -> master

hp@DESKTOP-DJ8666P MINGW64 ~/Desktop/project (master)
$ git pull origin master
remote: Enumerating objects: 5, done.
remote: Counting objects: 100% (5/5), done.
remote: Total 3 (delta 0), reused 0 (delta 0), pack-reused 0
Unpacking objects: 100% (3/3), done.
From https://github.com/shoyebmahmood/test
 * branch            master     -> FETCH_HEAD
   6c7d0f2..e833de8  master     -> origin/master
Updating 6c7d0f2..e833de8
Fast-forward
 test.txt | 2 +-
 1 file changed, 1 insertion(+), 1 deletion(-)

hp@DESKTOP-DJ8666P MINGW64 ~/Desktop/project (master)
$
